00:17:37 **** Build of configuration Debug for project ANN_Heartbeat_Sorter_SW_bsp_xgpiops_polled_example_1 ****
make all 
'Building file: ../src/xgpiops_polled_example.c'
'Invoking: ARM gcc compiler'
arm-xilinx-eabi-gcc -Wall -O0 -g3 -c -fmessage-length=0 -MT"src/xgpiops_polled_example.o" -I../../ANN_Heartbeat_Sorter_SW_bsp/ps7_cortexa9_0/include -MMD -MP -MF"src/xgpiops_polled_example.d" -MT"src/xgpiops_polled_example.d" -o "src/xgpiops_polled_example.o" "../src/xgpiops_polled_example.c"
'Finished building: ../src/xgpiops_polled_example.c'
' '
'Building target: ANN_Heartbeat_Sorter_SW_bsp_xgpiops_polled_example_1.elf'
'Invoking: ARM gcc linker'
arm-xilinx-eabi-gcc -Wl,-T -Wl,../src/lscript.ld -L../../ANN_Heartbeat_Sorter_SW_bsp/ps7_cortexa9_0/lib -o "ANN_Heartbeat_Sorter_SW_bsp_xgpiops_polled_example_1.elf"  ./src/xgpiops_polled_example.o   -Wl,--start-group,-lxil,-lgcc,-lc,--end-group -Wl,--start-group,-lxilffs,-lxil,-lgcc,-lc,--end-group
'Finished building target: ANN_Heartbeat_Sorter_SW_bsp_xgpiops_polled_example_1.elf'
' '
'Invoking: ARM Print Size'
arm-xilinx-eabi-size ANN_Heartbeat_Sorter_SW_bsp_xgpiops_polled_example_1.elf  |tee "ANN_Heartbeat_Sorter_SW_bsp_xgpiops_polled_example_1.elf.size"
   text	   data	    bss	    dec	    hex	filename
  30348	   1160	  22612	  54120	   d368	ANN_Heartbeat_Sorter_SW_bsp_xgpiops_polled_example_1.elf
'Finished building: ANN_Heartbeat_Sorter_SW_bsp_xgpiops_polled_example_1.elf.size'
' '

00:17:38 Build Finished (took 880ms)

