23:43:14 **** Incremental Build of configuration Release for project ANN_SW_Zynq_first_stage_bootloader ****
make all 
'Building file: ../src/fsbl_hooks.c'
'Invoking: ARM gcc compiler'
arm-xilinx-eabi-gcc -Wall -O2 -I"E:\ANN_project\ANN_project.sdk\ANN_SW_design_wrapper_hw_platform_0" -c -fmessage-length=0 -MT"src/fsbl_hooks.o" -I../../ANN_SW_standalone_bsp/ps7_cortexa9_0/include -MMD -MP -MF"src/fsbl_hooks.d" -MT"src/fsbl_hooks.d" -o "src/fsbl_hooks.o" "../src/fsbl_hooks.c"
'Finished building: ../src/fsbl_hooks.c'
' '
'Building file: ../src/image_mover.c'
'Invoking: ARM gcc compiler'
arm-xilinx-eabi-gcc -Wall -O2 -I"E:\ANN_project\ANN_project.sdk\ANN_SW_design_wrapper_hw_platform_0" -c -fmessage-length=0 -MT"src/image_mover.o" -I../../ANN_SW_standalone_bsp/ps7_cortexa9_0/include -MMD -MP -MF"src/image_mover.d" -MT"src/image_mover.d" -o "src/image_mover.o" "../src/image_mover.c"
'Finished building: ../src/image_mover.c'
' '
'Building file: ../src/main.c'
'Invoking: ARM gcc compiler'
arm-xilinx-eabi-gcc -Wall -O2 -I"E:\ANN_project\ANN_project.sdk\ANN_SW_design_wrapper_hw_platform_0" -c -fmessage-length=0 -MT"src/main.o" -I../../ANN_SW_standalone_bsp/ps7_cortexa9_0/include -MMD -MP -MF"src/main.d" -MT"src/main.d" -o "src/main.o" "../src/main.c"
'Finished building: ../src/main.c'
' '
'Building file: ../src/nand.c'
'Invoking: ARM gcc compiler'
arm-xilinx-eabi-gcc -Wall -O2 -I"E:\ANN_project\ANN_project.sdk\ANN_SW_design_wrapper_hw_platform_0" -c -fmessage-length=0 -MT"src/nand.o" -I../../ANN_SW_standalone_bsp/ps7_cortexa9_0/include -MMD -MP -MF"src/nand.d" -MT"src/nand.d" -o "src/nand.o" "../src/nand.c"
'Finished building: ../src/nand.c'
' '
'Building file: ../src/nor.c'
'Invoking: ARM gcc compiler'
arm-xilinx-eabi-gcc -Wall -O2 -I"E:\ANN_project\ANN_project.sdk\ANN_SW_design_wrapper_hw_platform_0" -c -fmessage-length=0 -MT"src/nor.o" -I../../ANN_SW_standalone_bsp/ps7_cortexa9_0/include -MMD -MP -MF"src/nor.d" -MT"src/nor.d" -o "src/nor.o" "../src/nor.c"
'Finished building: ../src/nor.c'
' '
'Building file: ../src/pcap.c'
'Invoking: ARM gcc compiler'
arm-xilinx-eabi-gcc -Wall -O2 -I"E:\ANN_project\ANN_project.sdk\ANN_SW_design_wrapper_hw_platform_0" -c -fmessage-length=0 -MT"src/pcap.o" -I../../ANN_SW_standalone_bsp/ps7_cortexa9_0/include -MMD -MP -MF"src/pcap.d" -MT"src/pcap.d" -o "src/pcap.o" "../src/pcap.c"
'Finished building: ../src/pcap.c'
' '
'Building file: E:/ANN_project/ANN_project.sdk/ANN_SW_design_wrapper_hw_platform_0/ps7_init.c'
'Invoking: ARM gcc compiler'
arm-xilinx-eabi-gcc -Wall -O2 -I"E:\ANN_project\ANN_project.sdk\ANN_SW_design_wrapper_hw_platform_0" -c -fmessage-length=0 -MT"src/ps7_init.o" -I../../ANN_SW_standalone_bsp/ps7_cortexa9_0/include -MMD -MP -MF"src/ps7_init.d" -MT"src/ps7_init.d" -o "src/ps7_init.o" "E:/ANN_project/ANN_project.sdk/ANN_SW_design_wrapper_hw_platform_0/ps7_init.c"
'Finished building: E:/ANN_project/ANN_project.sdk/ANN_SW_design_wrapper_hw_platform_0/ps7_init.c'
' '
'Building file: ../src/qspi.c'
'Invoking: ARM gcc compiler'
arm-xilinx-eabi-gcc -Wall -O2 -I"E:\ANN_project\ANN_project.sdk\ANN_SW_design_wrapper_hw_platform_0" -c -fmessage-length=0 -MT"src/qspi.o" -I../../ANN_SW_standalone_bsp/ps7_cortexa9_0/include -MMD -MP -MF"src/qspi.d" -MT"src/qspi.d" -o "src/qspi.o" "../src/qspi.c"
'Finished building: ../src/qspi.c'
' '
'Building file: ../src/rsa.c'
'Invoking: ARM gcc compiler'
arm-xilinx-eabi-gcc -Wall -O2 -I"E:\ANN_project\ANN_project.sdk\ANN_SW_design_wrapper_hw_platform_0" -c -fmessage-length=0 -MT"src/rsa.o" -I../../ANN_SW_standalone_bsp/ps7_cortexa9_0/include -MMD -MP -MF"src/rsa.d" -MT"src/rsa.d" -o "src/rsa.o" "../src/rsa.c"
'Finished building: ../src/rsa.c'
' '
'Building file: ../src/sd.c'
'Invoking: ARM gcc compiler'
arm-xilinx-eabi-gcc -Wall -O2 -I"E:\ANN_project\ANN_project.sdk\ANN_SW_design_wrapper_hw_platform_0" -c -fmessage-length=0 -MT"src/sd.o" -I../../ANN_SW_standalone_bsp/ps7_cortexa9_0/include -MMD -MP -MF"src/sd.d" -MT"src/sd.d" -o "src/sd.o" "../src/sd.c"
'Finished building: ../src/sd.c'
' '
'Building target: ANN_SW_Zynq_first_stage_bootloader.elf'
'Invoking: ARM gcc linker'
arm-xilinx-eabi-gcc -L"E:\ANN_project\ANN_project.sdk\ANN_SW_Zynq_first_stage_bootloader\src" -Wl,-T -Wl,../src/lscript.ld -L../../ANN_SW_standalone_bsp/ps7_cortexa9_0/lib -o "ANN_SW_Zynq_first_stage_bootloader.elf"  ./src/fsbl_handoff.o ./src/fsbl_hooks.o ./src/image_mover.o ./src/main.o ./src/md5.o ./src/nand.o ./src/nor.o ./src/pcap.o ./src/ps7_init.o ./src/qspi.o ./src/rsa.o ./src/sd.o   -lrsa -Wl,--start-group,-lxil,-lgcc,-lc,--end-group -Wl,--start-group,-lxilffs,-lxil,-lgcc,-lc,--end-group -Wl,--start-group,-lrsa,-lxil,-lgcc,-lc,--end-group
'Finished building target: ANN_SW_Zynq_first_stage_bootloader.elf'
' '
'Invoking: ARM Print Size'
arm-xilinx-eabi-size ANN_SW_Zynq_first_stage_bootloader.elf  |tee "ANN_SW_Zynq_first_stage_bootloader.elf.size"
   text	   data	    bss	    dec	    hex	filename
  71312	  12100	  74308	 157720	  26818	ANN_SW_Zynq_first_stage_bootloader.elf
'Finished building: ANN_SW_Zynq_first_stage_bootloader.elf.size'
' '

23:43:17 Build Finished (took 3s.216ms)

