   text	   data	    bss	    dec	    hex	filename
 512232	   2568	  31376	 546176	  85580	test.elf
'Finished building: test.elf.size'
' '
23:44:56 **** Incremental Build of configuration Debug for project test ****
make all 
make: Nothing to be done for `all'.
23:44:58 **** Incremental Build of configuration Debug for project test ****
make all 
make: Nothing to be done for `all'.
23:45:12 **** Auto Build of configuration Debug for project test ****
make all 
'Building file: ../src/main.cpp'
'Invoking: ARM g++ compiler'
arm-xilinx-eabi-g++ -Wall -O0 -g3 -c -fmessage-length=0 -MT"src/main.o" -I../../ANN_SW_standalone_bsp/ps7_cortexa9_0/include -MMD -MP -MF"src/main.d" -MT"src/main.d" -o "src/main.o" "../src/main.cpp"
../src/main.cpp: In function 'int main()':
../src/main.cpp:13:9: warning: unused variable 'fileSystem' [-Wunused-variable]
   FATFS fileSystem;
         ^
../src/main.cpp:14:11: warning: unused variable 'fStatus' [-Wunused-variable]
   FRESULT fStatus;
           ^
'Finished building: ../src/main.cpp'
' '
'Building target: test.elf'
'Invoking: ARM g++ linker'
arm-xilinx-eabi-g++ -Wl,-T -Wl,../src/lscript.ld -L../../ANN_SW_standalone_bsp/ps7_cortexa9_0/lib -o "test.elf"  ./src/main.o   -Wl,--start-group,-lxil,-lgcc,-lc,-lstdc++,--end-group -Wl,--start-group,-lxilffs,-lxil,-lgcc,-lc,--end-group -Wl,--start-group,-lrsa,-lxil,-lgcc,-lc,--end-group
'Finished building target: test.elf'
' '
'Invoking: ARM Print Size'
arm-xilinx-eabi-size test.elf  |tee "test.elf.size"
   text	   data	    bss	    dec	    hex	filename
 512232	   2568	  31376	 546176	  85580	test.elf
'Finished building: test.elf.size'
' '
23:45:14 **** Incremental Build of configuration Debug for project test ****
make all 
make: Nothing to be done for `all'.
23:45:28 **** Auto Build of configuration Debug for project test ****
make all 
'Building file: ../src/main.cpp'
'Invoking: ARM g++ compiler'
arm-xilinx-eabi-g++ -Wall -O0 -g3 -c -fmessage-length=0 -MT"src/main.o" -I../../ANN_SW_standalone_bsp/ps7_cortexa9_0/include -MMD -MP -MF"src/main.d" -MT"src/main.d" -o "src/main.o" "../src/main.cpp"
'Finished building: ../src/main.cpp'
' '
'Building target: test.elf'
'Invoking: ARM g++ linker'
arm-xilinx-eabi-g++ -Wl,-T -Wl,../src/lscript.ld -L../../ANN_SW_standalone_bsp/ps7_cortexa9_0/lib -o "test.elf"  ./src/main.o   -Wl,--start-group,-lxil,-lgcc,-lc,-lstdc++,--end-group -Wl,--start-group,-lxilffs,-lxil,-lgcc,-lc,--end-group -Wl,--start-group,-lrsa,-lxil,-lgcc,-lc,--end-group
'Finished building target: test.elf'
' '
'Invoking: ARM Print Size'
arm-xilinx-eabi-size test.elf  |tee "test.elf.size"
   text	   data	    bss	    dec	    hex	filename
 536276	   2588	  32672	 571536	  8b890	test.elf
'Finished building: test.elf.size'
' '
23:45:37 **** Incremental Build of configuration Debug for project test ****
make all 
make: Nothing to be done for `all'.
23:45:58 **** Incremental Build of configuration Debug for project test ****
make all 
make: Nothing to be done for `all'.
23:46:15 **** Auto Build of configuration Debug for project test ****
make all 
'Building file: ../src/main.cpp'
'Invoking: ARM g++ compiler'
arm-xilinx-eabi-g++ -Wall -O0 -g3 -c -fmessage-length=0 -MT"src/main.o" -I../../ANN_SW_standalone_bsp/ps7_cortexa9_0/include -MMD -MP -MF"src/main.d" -MT"src/main.d" -o "src/main.o" "../src/main.cpp"
'Finished building: ../src/main.cpp'
' '
'Building target: test.elf'
'Invoking: ARM g++ linker'
arm-xilinx-eabi-g++ -Wl,-T -Wl,../src/lscript.ld -L../../ANN_SW_standalone_bsp/ps7_cortexa9_0/lib -o "test.elf"  ./src/main.o   -Wl,--start-group,-lxil,-lgcc,-lc,-lstdc++,--end-group -Wl,--start-group,-lxilffs,-lxil,-lgcc,-lc,--end-group -Wl,--start-group,-lrsa,-lxil,-lgcc,-lc,--end-group
'Finished building target: test.elf'
' '
'Invoking: ARM Print Size'
arm-xilinx-eabi-size test.elf  |tee "test.elf.size"
   text	   data	    bss	    dec	    hex	filename
 536276	   2588	  32672	 571536	  8b890	test.elf
'Finished building: test.elf.size'
' '
23:46:16 **** Incremental Build of configuration Debug for project test ****
make all 
make: Nothing to be done for `all'.
