19:32:55 **** Incremental Build of configuration Debug for project ANN_SW_Heartbeats_Classifier_app ****
make all 
make: Nothing to be done for `all'.
19:32:57 **** Incremental Build of configuration Debug for project ANN_SW_Heartbeats_Classifier_app ****
make all 
make: Nothing to be done for `all'.
19:33:17 **** Incremental Build of configuration Debug for project ANN_SW_Heartbeats_Classifier_app ****
make all 
make: Nothing to be done for `all'.
19:33:52 **** Auto Build of configuration Debug for project ANN_SW_Heartbeats_Classifier_app ****
make all 
'Building file: ../src/main.c'
'Invoking: ARM gcc compiler'
arm-xilinx-eabi-gcc -Wall -O0 -g3 -I"E:\ANN_project\ANN_project.sdk\ANN_SW_Heartbeats_Classifier_app\include" -c -fmessage-length=0 -MT"src/main.o" -I../../ANN_SW_standalone_bsp/ps7_cortexa9_0/include -MMD -MP -MF"src/main.d" -MT"src/main.d" -o "src/main.o" "../src/main.c"
../src/main.c: In function 'main':
../src/main.c:128:50: warning: pointer targets in passing argument 4 of 'f_read' differ in signedness [-Wpointer-sign]
   fStatus = f_read(&file, (void*)fBuffer, fSize, &fBytesRead);
                                                  ^
In file included from ../src/main.c:55:0:
../../ANN_SW_standalone_bsp/ps7_cortexa9_0/include/ff.h:223:9: note: expected 'UINT *' but argument is of type 'int *'
 FRESULT f_read (FIL* fp, void* buff, UINT btr, UINT* br);   /* Read data from a file */
         ^
../src/main.c:160:21: warning: pointer targets in passing argument 1 of 'sscanf' differ in signedness [-Wpointer-sign]
    status = sscanf (beatBuffer+offset, "%lf%n", &beatData[i], &fBytesRead);
                     ^
In file included from c:\xilinx\sdk\2015.4\gnu\arm\nt\arm-xilinx-eabi\include\stdio.h:29:0,
                 from ../src/main.c:52:
c:\xilinx\sdk\2015.4\gnu\arm\nt\arm-xilinx-eabi\include\stdio.h:218:5: note: expected 'const char *' but argument is of type 'u8 *'
 int _EXFUN(sscanf, (const char *__restrict, const char *__restrict, ...)
     ^
../src/main.c:154:12: warning: 'beatBuffer' may be used uninitialized in this function [-Wmaybe-uninitialized]
  beatBuffer[offset] = fBuffer[fOffset++];
            ^
'Finished building: ../src/main.c'
' '
'Building target: debug_ANN_SW_Heartbeats_Classifier_app.elf'
'Invoking: ARM gcc linker'
arm-xilinx-eabi-gcc -Wl,-T -Wl,../src/lscript.ld -L../../ANN_SW_standalone_bsp/ps7_cortexa9_0/lib -o "debug_ANN_SW_Heartbeats_Classifier_app.elf"  ./src/RNA35b.o ./src/RNA35b_emxAPI.o ./src/RNA35b_emxutil.o ./src/RNA35b_initialize.o ./src/RNA35b_terminate.o ./src/main.o ./src/rtGetInf.o ./src/rtGetNaN.o ./src/rt_nonfinite.o   -lm -Wl,--start-group,-lxil,-lgcc,-lc,--end-group -Wl,--start-group,-lxilffs,-lxil,-lgcc,-lc,--end-group -Wl,--start-group,-lrsa,-lxil,-lgcc,-lc,--end-group
'Finished building target: debug_ANN_SW_Heartbeats_Classifier_app.elf'
' '
'Invoking: ARM Print Size'
arm-xilinx-eabi-size debug_ANN_SW_Heartbeats_Classifier_app.elf  |tee "debug_ANN_SW_Heartbeats_Classifier_app.elf.size"
   text	   data	    bss	    dec	    hex	filename
 130980	   2364	209722816	209856160	c8226a0	debug_ANN_SW_Heartbeats_Classifier_app.elf
'Finished building: debug_ANN_SW_Heartbeats_Classifier_app.elf.size'
' '
19:33:55 **** Incremental Build of configuration Debug for project ANN_SW_Heartbeats_Classifier_app ****
make all 
make: Nothing to be done for `all'.
19:34:11 **** Auto Build of configuration Debug for project ANN_SW_Heartbeats_Classifier_app ****
make all 
'Building file: ../src/main.c'
'Invoking: ARM gcc compiler'
arm-xilinx-eabi-gcc -Wall -O0 -g3 -I"E:\ANN_project\ANN_project.sdk\ANN_SW_Heartbeats_Classifier_app\include" -c -fmessage-length=0 -MT"src/main.o" -I../../ANN_SW_standalone_bsp/ps7_cortexa9_0/include -MMD -MP -MF"src/main.d" -MT"src/main.d" -o "src/main.o" "../src/main.c"
../src/main.c: In function 'main':
../src/main.c:128:50: warning: pointer targets in passing argument 4 of 'f_read' differ in signedness [-Wpointer-sign]
   fStatus = f_read(&file, (void*)fBuffer, fSize, &fBytesRead);
                                                  ^
In file included from ../src/main.c:55:0:
../../ANN_SW_standalone_bsp/ps7_cortexa9_0/include/ff.h:223:9: note: expected 'UINT *' but argument is of type 'int *'
 FRESULT f_read (FIL* fp, void* buff, UINT btr, UINT* br);   /* Read data from a file */
         ^
../src/main.c:160:21: warning: pointer targets in passing argument 1 of 'sscanf' differ in signedness [-Wpointer-sign]
    status = sscanf (beatBuffer+offset, "%lf%n", &beatData[i], &fBytesRead);
                     ^
In file included from c:\xilinx\sdk\2015.4\gnu\arm\nt\arm-xilinx-eabi\include\stdio.h:29:0,
                 from ../src/main.c:52:
c:\xilinx\sdk\2015.4\gnu\arm\nt\arm-xilinx-eabi\include\stdio.h:218:5: note: expected 'const char *' but argument is of type 'u8 *'
 int _EXFUN(sscanf, (const char *__restrict, const char *__restrict, ...)
     ^
../src/main.c:154:12: warning: 'beatBuffer' may be used uninitialized in this function [-Wmaybe-uninitialized]
  beatBuffer[offset] = fBuffer[++fOffset];
            ^
'Finished building: ../src/main.c'
' '
'Building target: debug_ANN_SW_Heartbeats_Classifier_app.elf'
'Invoking: ARM gcc linker'
arm-xilinx-eabi-gcc -Wl,-T -Wl,../src/lscript.ld -L../../ANN_SW_standalone_bsp/ps7_cortexa9_0/lib -o "debug_ANN_SW_Heartbeats_Classifier_app.elf"  ./src/RNA35b.o ./src/RNA35b_emxAPI.o ./src/RNA35b_emxutil.o ./src/RNA35b_initialize.o ./src/RNA35b_terminate.o ./src/main.o ./src/rtGetInf.o ./src/rtGetNaN.o ./src/rt_nonfinite.o   -lm -Wl,--start-group,-lxil,-lgcc,-lc,--end-group -Wl,--start-group,-lxilffs,-lxil,-lgcc,-lc,--end-group -Wl,--start-group,-lrsa,-lxil,-lgcc,-lc,--end-group
'Finished building target: debug_ANN_SW_Heartbeats_Classifier_app.elf'
' '
'Invoking: ARM Print Size'
arm-xilinx-eabi-size debug_ANN_SW_Heartbeats_Classifier_app.elf  |tee "debug_ANN_SW_Heartbeats_Classifier_app.elf.size"
   text	   data	    bss	    dec	    hex	filename
 130980	   2364	209722816	209856160	c8226a0	debug_ANN_SW_Heartbeats_Classifier_app.elf
'Finished building: debug_ANN_SW_Heartbeats_Classifier_app.elf.size'
' '
19:34:14 **** Incremental Build of configuration Debug for project ANN_SW_Heartbeats_Classifier_app ****
make all 
make: Nothing to be done for `all'.
19:34:44 **** Auto Build of configuration Debug for project ANN_SW_Heartbeats_Classifier_app ****
make all 
'Building file: ../src/main.c'
'Invoking: ARM gcc compiler'
arm-xilinx-eabi-gcc -Wall -O0 -g3 -I"E:\ANN_project\ANN_project.sdk\ANN_SW_Heartbeats_Classifier_app\include" -c -fmessage-length=0 -MT"src/main.o" -I../../ANN_SW_standalone_bsp/ps7_cortexa9_0/include -MMD -MP -MF"src/main.d" -MT"src/main.d" -o "src/main.o" "../src/main.c"
../src/main.c: In function 'main':
../src/main.c:128:50: warning: pointer targets in passing argument 4 of 'f_read' differ in signedness [-Wpointer-sign]
   fStatus = f_read(&file, (void*)fBuffer, fSize, &fBytesRead);
                                                  ^
In file included from ../src/main.c:55:0:
../../ANN_SW_standalone_bsp/ps7_cortexa9_0/include/ff.h:223:9: note: expected 'UINT *' but argument is of type 'int *'
 FRESULT f_read (FIL* fp, void* buff, UINT btr, UINT* br);   /* Read data from a file */
         ^
../src/main.c:160:21: warning: pointer targets in passing argument 1 of 'sscanf' differ in signedness [-Wpointer-sign]
    status = sscanf (beatBuffer+offset, "%lf%n", &beatData[i], &fBytesRead);
                     ^
In file included from c:\xilinx\sdk\2015.4\gnu\arm\nt\arm-xilinx-eabi\include\stdio.h:29:0,
                 from ../src/main.c:52:
c:\xilinx\sdk\2015.4\gnu\arm\nt\arm-xilinx-eabi\include\stdio.h:218:5: note: expected 'const char *' but argument is of type 'u8 *'
 int _EXFUN(sscanf, (const char *__restrict, const char *__restrict, ...)
     ^
../src/main.c:154:12: warning: 'beatBuffer' may be used uninitialized in this function [-Wmaybe-uninitialized]
  beatBuffer[offset] = fBuffer[++fOffset];
            ^
'Finished building: ../src/main.c'
' '
'Building target: debug_ANN_SW_Heartbeats_Classifier_app.elf'
'Invoking: ARM gcc linker'
arm-xilinx-eabi-gcc -Wl,-T -Wl,../src/lscript.ld -L../../ANN_SW_standalone_bsp/ps7_cortexa9_0/lib -o "debug_ANN_SW_Heartbeats_Classifier_app.elf"  ./src/RNA35b.o ./src/RNA35b_emxAPI.o ./src/RNA35b_emxutil.o ./src/RNA35b_initialize.o ./src/RNA35b_terminate.o ./src/main.o ./src/rtGetInf.o ./src/rtGetNaN.o ./src/rt_nonfinite.o   -lm -Wl,--start-group,-lxil,-lgcc,-lc,--end-group -Wl,--start-group,-lxilffs,-lxil,-lgcc,-lc,--end-group -Wl,--start-group,-lrsa,-lxil,-lgcc,-lc,--end-group
'Finished building target: debug_ANN_SW_Heartbeats_Classifier_app.elf'
' '
'Invoking: ARM Print Size'
arm-xilinx-eabi-size debug_ANN_SW_Heartbeats_Classifier_app.elf  |tee "debug_ANN_SW_Heartbeats_Classifier_app.elf.size"
   text	   data	    bss	    dec	    hex	filename
 130980	   2364	209722816	209856160	c8226a0	debug_ANN_SW_Heartbeats_Classifier_app.elf
'Finished building: debug_ANN_SW_Heartbeats_Classifier_app.elf.size'
' '
19:34:45 **** Incremental Build of configuration Debug for project ANN_SW_Heartbeats_Classifier_app ****
make all 
make: Nothing to be done for `all'.
19:37:54 **** Auto Build of configuration Debug for project ANN_SW_Heartbeats_Classifier_app ****
make all 
'Building file: ../src/main.c'
'Invoking: ARM gcc compiler'
arm-xilinx-eabi-gcc -Wall -O0 -g3 -I"E:\ANN_project\ANN_project.sdk\ANN_SW_Heartbeats_Classifier_app\include" -c -fmessage-length=0 -MT"src/main.o" -I../../ANN_SW_standalone_bsp/ps7_cortexa9_0/include -MMD -MP -MF"src/main.d" -MT"src/main.d" -o "src/main.o" "../src/main.c"
../src/main.c: In function 'main':
../src/main.c:128:50: warning: pointer targets in passing argument 4 of 'f_read' differ in signedness [-Wpointer-sign]
   fStatus = f_read(&file, (void*)fBuffer, fSize, &fBytesRead);
                                                  ^
In file included from ../src/main.c:55:0:
../../ANN_SW_standalone_bsp/ps7_cortexa9_0/include/ff.h:223:9: note: expected 'UINT *' but argument is of type 'int *'
 FRESULT f_read (FIL* fp, void* buff, UINT btr, UINT* br);   /* Read data from a file */
         ^
../src/main.c:156:21: warning: pointer targets in passing argument 1 of 'sscanf' differ in signedness [-Wpointer-sign]
    status = sscanf (beatBuffer+offset, "%lf%n", &beatData[i], &fBytesRead);
                     ^
In file included from c:\xilinx\sdk\2015.4\gnu\arm\nt\arm-xilinx-eabi\include\stdio.h:29:0,
                 from ../src/main.c:52:
c:\xilinx\sdk\2015.4\gnu\arm\nt\arm-xilinx-eabi\include\stdio.h:218:5: note: expected 'const char *' but argument is of type 'u8 *'
 int _EXFUN(sscanf, (const char *__restrict, const char *__restrict, ...)
     ^
../src/main.c:150:12: warning: 'beatBuffer' may be used uninitialized in this function [-Wmaybe-uninitialized]
  beatBuffer[offset] = fBuffer[++fOffset];
            ^
'Finished building: ../src/main.c'
' '
'Building target: debug_ANN_SW_Heartbeats_Classifier_app.elf'
'Invoking: ARM gcc linker'
arm-xilinx-eabi-gcc -Wl,-T -Wl,../src/lscript.ld -L../../ANN_SW_standalone_bsp/ps7_cortexa9_0/lib -o "debug_ANN_SW_Heartbeats_Classifier_app.elf"  ./src/RNA35b.o ./src/RNA35b_emxAPI.o ./src/RNA35b_emxutil.o ./src/RNA35b_initialize.o ./src/RNA35b_terminate.o ./src/main.o ./src/rtGetInf.o ./src/rtGetNaN.o ./src/rt_nonfinite.o   -lm -Wl,--start-group,-lxil,-lgcc,-lc,--end-group -Wl,--start-group,-lxilffs,-lxil,-lgcc,-lc,--end-group -Wl,--start-group,-lrsa,-lxil,-lgcc,-lc,--end-group
'Finished building target: debug_ANN_SW_Heartbeats_Classifier_app.elf'
' '
'Invoking: ARM Print Size'
arm-xilinx-eabi-size debug_ANN_SW_Heartbeats_Classifier_app.elf  |tee "debug_ANN_SW_Heartbeats_Classifier_app.elf.size"
   text	   data	    bss	    dec	    hex	filename
 130980	   2364	209722816	209856160	c8226a0	debug_ANN_SW_Heartbeats_Classifier_app.elf
'Finished building: debug_ANN_SW_Heartbeats_Classifier_app.elf.size'
' '
19:38:30 **** Auto Build of configuration Debug for project ANN_SW_Heartbeats_Classifier_app ****
make all 
'Building file: ../src/main.c'
'Invoking: ARM gcc compiler'
arm-xilinx-eabi-gcc -Wall -O0 -g3 -I"E:\ANN_project\ANN_project.sdk\ANN_SW_Heartbeats_Classifier_app\include" -c -fmessage-length=0 -MT"src/main.o" -I../../ANN_SW_standalone_bsp/ps7_cortexa9_0/include -MMD -MP -MF"src/main.d" -MT"src/main.d" -o "src/main.o" "../src/main.c"
../src/main.c: In function 'main':
../src/main.c:128:50: warning: pointer targets in passing argument 4 of 'f_read' differ in signedness [-Wpointer-sign]
   fStatus = f_read(&file, (void*)fBuffer, fSize, &fBytesRead);
                                                  ^
In file included from ../src/main.c:55:0:
../../ANN_SW_standalone_bsp/ps7_cortexa9_0/include/ff.h:223:9: note: expected 'UINT *' but argument is of type 'int *'
 FRESULT f_read (FIL* fp, void* buff, UINT btr, UINT* br);   /* Read data from a file */
         ^
../src/main.c:156:21: warning: pointer targets in passing argument 1 of 'sscanf' differ in signedness [-Wpointer-sign]
    status = sscanf (beatBuffer+offset, "%lf%n", &beatData[i], &fBytesRead);
                     ^
In file included from c:\xilinx\sdk\2015.4\gnu\arm\nt\arm-xilinx-eabi\include\stdio.h:29:0,
                 from ../src/main.c:52:
c:\xilinx\sdk\2015.4\gnu\arm\nt\arm-xilinx-eabi\include\stdio.h:218:5: note: expected 'const char *' but argument is of type 'u8 *'
 int _EXFUN(sscanf, (const char *__restrict, const char *__restrict, ...)
     ^
../src/main.c:150:12: warning: 'beatBuffer' may be used uninitialized in this function [-Wmaybe-uninitialized]
  beatBuffer[++offset] = fBuffer[++fOffset];
            ^
'Finished building: ../src/main.c'
' '
'Building target: debug_ANN_SW_Heartbeats_Classifier_app.elf'
'Invoking: ARM gcc linker'
arm-xilinx-eabi-gcc -Wl,-T -Wl,../src/lscript.ld -L../../ANN_SW_standalone_bsp/ps7_cortexa9_0/lib -o "debug_ANN_SW_Heartbeats_Classifier_app.elf"  ./src/RNA35b.o ./src/RNA35b_emxAPI.o ./src/RNA35b_emxutil.o ./src/RNA35b_initialize.o ./src/RNA35b_terminate.o ./src/main.o ./src/rtGetInf.o ./src/rtGetNaN.o ./src/rt_nonfinite.o   -lm -Wl,--start-group,-lxil,-lgcc,-lc,--end-group -Wl,--start-group,-lxilffs,-lxil,-lgcc,-lc,--end-group -Wl,--start-group,-lrsa,-lxil,-lgcc,-lc,--end-group
'Finished building target: debug_ANN_SW_Heartbeats_Classifier_app.elf'
' '
'Invoking: ARM Print Size'
arm-xilinx-eabi-size debug_ANN_SW_Heartbeats_Classifier_app.elf  |tee "debug_ANN_SW_Heartbeats_Classifier_app.elf.size"
   text	   data	    bss	    dec	    hex	filename
 130980	   2364	209722816	209856160	c8226a0	debug_ANN_SW_Heartbeats_Classifier_app.elf
'Finished building: debug_ANN_SW_Heartbeats_Classifier_app.elf.size'
' '
19:38:34 **** Incremental Build of configuration Debug for project ANN_SW_Heartbeats_Classifier_app ****
make all 
make: Nothing to be done for `all'.
01:59:46 **** Auto Build of configuration Release for project ANN_SW_Zynq_first_stage_bootloader ****
make all 
make: Nothing to be done for `all'.
01:59:48 **** Auto Build of configuration Debug for project ANN_SW_Heartbeats_Classifier_app ****
make all 
make: Nothing to be done for `all'.
