

================================================================
== Vivado HLS Report for 'ANN'
================================================================
* Date:           Wed Aug 24 05:25:56 2016

* Version:        2015.4 (Build 1412921 on Wed Nov 18 09:58:55 AM 2015)
* Project:        ANN_complete
* Solution:       sol_default
* Product family: zynq
* Target device:  xc7z010clg400-1


================================================================
== Performance Estimates
================================================================
+ Timing (ns): 
    * Summary: 
    +--------+-------+----------+------------+
    |  Clock | Target| Estimated| Uncertainty|
    +--------+-------+----------+------------+
    |ap_clk  |  10.00|      9.40|        1.25|
    +--------+-------+----------+------------+

+ Latency (clock cycles): 
    * Summary: 
    +-----+-----+-----+-----+---------+
    |  Latency  |  Interval | Pipeline|
    | min | max | min | max |   Type  |
    +-----+-----+-----+-----+---------+
    |    ?|    ?|    ?|    ?|   none  |
    +-----+-----+-----+-----+---------+

    + Detail: 
        * Instance: 
        N/A

        * Loop: 
        +-----------------+-----+-----+----------+-----------+-----------+----------------+----------+
        |                 |  Latency  | Iteration|  Initiation Interval  |      Trip      |          |
        |    Loop Name    | min | max |  Latency |  achieved |   target  |      Count     | Pipelined|
        +-----------------+-----+-----+----------+-----------+-----------+----------------+----------+
        |- Loop 1         |    ?|    ?|         2|          -|          -|               ?|    no    |
        |- Loop 2         |    ?|    ?|         ?|          -|          -| 0 ~ 2147483646 |    no    |
        | + Loop 2.1      |    ?|    ?|         ?|          -|          -|               ?|    no    |
        |  ++ Loop 2.1.1  |    ?|    ?|        13|          -|          -|               ?|    no    |
        |- Loop 3         |    ?|    ?|         ?|          -|          -|               ?|    no    |
        | + Loop 3.1      |    ?|    ?|        13|          -|          -|               ?|    no    |
        |- Loop 4         |    ?|    ?|        34|          -|          -|               ?|    no    |
        |- Loop 5         |    ?|    ?|         3|          -|          -|               ?|    no    |
        |- Loop 6         |    ?|    ?|         ?|          -|          -|               ?|    no    |
        | + Loop 6.1      |    ?|    ?|         2|          -|          -|               ?|    no    |
        +-----------------+-----+-----+----------+-----------+-----------+----------------+----------+



================================================================
== Utilization Estimates
================================================================
* Summary: 
+-----------------+---------+-------+-------+-------+
|       Name      | BRAM_18K| DSP48E|   FF  |  LUT  |
+-----------------+---------+-------+-------+-------+
|DSP              |        -|      -|      -|      -|
|Expression       |        -|      4|      0|    748|
|FIFO             |        -|      -|      -|      -|
|Instance         |        -|     40|   5652|   8613|
|Memory           |        4|      -|      0|      0|
|Multiplexer      |        -|      -|      -|   1437|
|Register         |        -|      -|   1611|      -|
+-----------------+---------+-------+-------+-------+
|Total            |        4|     44|   7263|  10798|
+-----------------+---------+-------+-------+-------+
|Available        |      120|     80|  35200|  17600|
+-----------------+---------+-------+-------+-------+
|Utilization (%)  |        3|     55|     20|     61|
+-----------------+---------+-------+-------+-------+

+ Detail: 
    * Instance: 
    +--------------------------------------+-----------------------------------+---------+-------+------+------+
    |               Instance               |               Module              | BRAM_18K| DSP48E|  FF  |  LUT |
    +--------------------------------------+-----------------------------------+---------+-------+------+------+
    |ANN_dadd_64ns_64ns_64_5_full_dsp_U0   |ANN_dadd_64ns_64ns_64_5_full_dsp   |        0|      3|   445|  1149|
    |ANN_dcmp_64ns_64ns_1_1_U3             |ANN_dcmp_64ns_64ns_1_1             |        0|      0|   130|   469|
    |ANN_ddiv_64ns_64ns_64_31_U2           |ANN_ddiv_64ns_64ns_64_31           |        0|      0|  3211|  3658|
    |ANN_dexp_64ns_64ns_64_18_full_dsp_U4  |ANN_dexp_64ns_64ns_64_18_full_dsp  |        0|     26|  1549|  2599|
    |ANN_dmul_64ns_64ns_64_6_max_dsp_U1    |ANN_dmul_64ns_64ns_64_6_max_dsp    |        0|     11|   317|   578|
    |ANN_mux_4to1_sel2_32_1_U5             |ANN_mux_4to1_sel2_32_1             |        0|      0|     0|    32|
    |ANN_mux_4to1_sel2_32_1_U6             |ANN_mux_4to1_sel2_32_1             |        0|      0|     0|    32|
    |ANN_mux_4to1_sel2_32_1_U7             |ANN_mux_4to1_sel2_32_1             |        0|      0|     0|    32|
    |ANN_mux_4to1_sel2_32_1_U8             |ANN_mux_4to1_sel2_32_1             |        0|      0|     0|    32|
    |ANN_mux_4to1_sel2_32_1_U9             |ANN_mux_4to1_sel2_32_1             |        0|      0|     0|    32|
    +--------------------------------------+-----------------------------------+---------+-------+------+------+
    |Total                                 |                                   |        0|     40|  5652|  8613|
    +--------------------------------------+-----------------------------------+---------+-------+------+------+

    * DSP48: 
    N/A

    * Memory: 
    +----------+------------+---------+---+----+------+-----+------+-------------+
    |  Memory  |   Module   | BRAM_18K| FF| LUT| Words| Bits| Banks| W*Bits*Banks|
    +----------+------------+---------+---+----+------+-----+------+-------------+
    |p_uOut_U  |ANN_p_uOut  |        4|  0|   0|   140|   64|     1|         8960|
    +----------+------------+---------+---+----+------+-----+------+-------------+
    |Total     |            |        4|  0|   0|   140|   64|     1|         8960|
    +----------+------------+---------+---+----+------+-----+------+-------------+

    * FIFO: 
    N/A

    * Expression: 
    +----------------------+----------+-------+---+----+------------+------------+
    |     Variable Name    | Operation| DSP48E| FF| LUT| Bitwidth P0| Bitwidth P1|
    +----------------------+----------+-------+---+----+------------+------------+
    |tmp_10_fu_702_p2      |     *    |      1|  0|   4|           6|           2|
    |tmp_13_fu_707_p2      |     *    |      1|  0|   4|           6|           3|
    |tmp_1_fu_585_p2       |     *    |      1|  0|   0|           6|           9|
    |tmp_4_fu_595_p2       |     *    |      1|  0|   0|           6|           9|
    |i_10_fu_833_p2        |     +    |      0|  0|  31|           1|          31|
    |i_4_fu_521_p2         |     +    |      0|  0|  31|          31|           1|
    |i_6_fu_652_p2         |     +    |      0|  0|  31|          31|           1|
    |i_7_fu_718_p2         |     +    |      0|  0|  32|          32|           1|
    |i_8_fu_789_p2         |     +    |      0|  0|  31|          31|           1|
    |i_9_fu_1018_p2        |     +    |      0|  0|  32|          32|           1|
    |j_3_fu_619_p2         |     +    |      0|  0|  32|          32|           1|
    |j_4_fu_760_p2         |     +    |      0|  0|  31|          31|           1|
    |j_5_fu_901_p2         |     +    |      0|  0|  32|          32|           1|
    |k_1_fu_667_p2         |     +    |      0|  0|  31|          31|           1|
    |next_mul_fu_818_p2    |     +    |      0|  0|  37|           6|          37|
    |tmp_11_fu_568_p2      |     +    |      0|  0|   3|           3|           1|
    |tmp_20_fu_642_p2      |     +    |      0|  0|   9|           9|           9|
    |tmp_26_fu_741_p2      |     +    |      0|  0|   9|           7|           9|
    |tmp_35_fu_677_p2      |     +    |      0|  0|   9|           9|           9|
    |tmp_36_fu_799_p2      |     +    |      0|  0|   9|           7|           9|
    |tmp_46_fu_770_p2      |     +    |      0|  0|   9|           8|           9|
    |tmp_55_fu_853_p2      |     +    |      0|  0|   9|           9|           7|
    |tmp_58_fu_867_p2      |     +    |      0|  0|   9|           9|           7|
    |tmp_72_fu_911_p2      |     +    |      0|  0|   9|           9|           9|
    |tmp_7_fu_555_p2       |     +    |      0|  0|   2|           2|           1|
    |tmp_s_fu_541_p2       |     +    |      0|  0|  31|           2|          31|
    |tmp_67_fu_1001_p2     |    and   |      0|  0|   1|           1|           1|
    |tmp_69_fu_1007_p2     |    and   |      0|  0|   1|           1|           1|
    |notlhs1_fu_983_p2     |   icmp   |      0|  0|   4|          11|           2|
    |notlhs_fu_965_p2      |   icmp   |      0|  0|   4|          11|           2|
    |notrhs2_fu_989_p2     |   icmp   |      0|  0|  18|          52|           1|
    |notrhs_fu_971_p2      |   icmp   |      0|  0|  18|          52|           1|
    |tmp_15_fu_613_p2      |   icmp   |      0|  0|  11|          32|          32|
    |tmp_17_fu_712_p2      |   icmp   |      0|  0|  11|          32|          32|
    |tmp_28_fu_784_p2      |   icmp   |      0|  0|  11|          32|          32|
    |tmp_29_fu_662_p2      |   icmp   |      0|  0|  11|          32|          32|
    |tmp_2_fu_494_p2       |   icmp   |      0|  0|  11|          32|           2|
    |tmp_32_fu_755_p2      |   icmp   |      0|  0|  11|          32|          32|
    |tmp_3_fu_516_p2       |   icmp   |      0|  0|  11|          32|           1|
    |tmp_49_fu_828_p2      |   icmp   |      0|  0|  11|          32|           1|
    |tmp_51_fu_843_p2      |   icmp   |      0|  0|  11|          32|          32|
    |tmp_63_fu_895_p2      |   icmp   |      0|  0|  11|          32|          32|
    |tmp_6_fu_500_p2       |   icmp   |      0|  0|  11|          32|           1|
    |tmp_8_fu_536_p2       |   icmp   |      0|  0|  11|          32|           1|
    |tmp_fu_484_p2         |   icmp   |      0|  0|  11|          32|           1|
    |tmp_65_fu_977_p2      |    or    |      0|  0|   1|           1|           1|
    |tmp_66_fu_995_p2      |    or    |      0|  0|   1|           1|           1|
    |tmp_9_fu_506_p2       |    or    |      0|  0|   1|           1|           1|
    |tmp_41_neg_fu_691_p2  |    xor   |      0|  0|  89|          64|          65|
    +----------------------+----------+-------+---+----+------------+------------+
    |Total                 |          |      4|  0| 748|         999|         508|
    +----------------------+----------+-------+---+----+------------+------------+

    * Multiplexer: 
    +-----------------+-----+-----------+-----+-----------+
    |       Name      | LUT | Input Size| Bits| Total Bits|
    +-----------------+-----+-----------+-----+-----------+
    |ap_NS_fsm        |  416|        161|    1|        161|
    |grp_fu_385_p0    |   64|          7|   64|        448|
    |grp_fu_385_p1    |   64|          5|   64|        320|
    |grp_fu_401_p0    |   64|          3|   64|        192|
    |grp_fu_401_p1    |   64|          3|   64|        192|
    |grp_fu_411_p1    |   64|          3|   64|        192|
    |i_1_reg_237      |   31|          2|   31|         62|
    |i_2_reg_283      |   32|          2|   32|         64|
    |i_3_reg_329      |   31|          2|   31|         62|
    |i_5_reg_340      |   31|          2|   31|         62|
    |i_reg_226        |   31|          2|   31|         62|
    |j_1_reg_306      |   31|          2|   31|         62|
    |j_2_reg_374      |   32|          2|   32|         64|
    |j_reg_249        |   32|          2|   32|         64|
    |k_reg_260        |   31|          2|   31|         62|
    |max_1_reg_362    |   32|          2|   32|         64|
    |max_fu_76        |   32|          2|   32|         64|
    |netOut_address0  |    6|          4|    6|         24|
    |netOut_d0        |   32|          3|   32|         96|
    |p_uOut_address0  |   16|          9|    8|         72|
    |p_uOut_address1  |    8|          3|    8|         24|
    |p_uOut_d0        |   64|          4|   64|        256|
    |phi_mul_reg_351  |   37|          2|   37|         74|
    |sum_1_reg_317    |   64|          2|   64|        128|
    |sum_reg_271      |   64|          2|   64|        128|
    |sumsoft_reg_294  |   64|          2|   64|        128|
    +-----------------+-----+-----------+-----+-----------+
    |Total            | 1437|        235| 1014|       3127|
    +-----------------+-----+-----------+-----+-----------+

    * Register: 
    +------------------------+-----+----+-----+-----------+
    |          Name          |  FF | LUT| Bits| Const Bits|
    +------------------------+-----+----+-----+-----------+
    |ap_CS_fsm               |  160|   0|  160|          0|
    |i_10_reg_1244           |   31|   0|   31|          0|
    |i_1_reg_237             |   31|   0|   31|          0|
    |i_2_reg_283             |   32|   0|   32|          0|
    |i_3_reg_329             |   31|   0|   31|          0|
    |i_4_reg_1053            |   31|   0|   31|          0|
    |i_5_reg_340             |   31|   0|   31|          0|
    |i_7_reg_1178            |   32|   0|   32|          0|
    |i_8_reg_1214            |   31|   0|   31|          0|
    |i_reg_226               |   31|   0|   31|          0|
    |j_1_reg_306             |   31|   0|   31|          0|
    |j_2_reg_374             |   32|   0|   32|          0|
    |j_3_reg_1119            |   32|   0|   32|          0|
    |j_4_reg_1196            |   31|   0|   31|          0|
    |j_5_reg_1275            |   32|   0|   32|          0|
    |j_reg_249               |   32|   0|   32|          0|
    |k_1_reg_1142            |   31|   0|   31|          0|
    |k_reg_260               |   31|   0|   31|          0|
    |max_1_reg_362           |   32|   0|   32|          0|
    |max_fu_76               |   32|   0|   32|          0|
    |next_mul_reg_1236       |   37|   0|   37|          0|
    |p_layerSize_0           |    0|   0|   32|         32|
    |p_layerSize_1           |    0|   0|   32|         32|
    |p_layerSize_2           |    0|   0|   32|         32|
    |p_layerSize_3           |    0|   0|   32|         32|
    |p_numLayer              |    0|   0|   32|         32|
    |p_uOut_addr_2_reg_1129  |    8|   0|    8|          0|
    |p_uOut_addr_4_reg_1188  |    8|   0|    8|          0|
    |p_uOut_addr_5_reg_1219  |    8|   0|    8|          0|
    |p_uOut_load_4_reg_1290  |   64|   0|   64|          0|
    |phi_mul_reg_351         |   37|   0|   37|          0|
    |reg_448                 |   64|   0|   64|          0|
    |reg_455                 |   64|   0|   64|          0|
    |reg_466                 |   64|   0|   64|          0|
    |reg_472                 |   64|   0|   64|          0|
    |reg_479                 |   64|   0|   64|          0|
    |sum_1_reg_317           |   64|   0|   64|          0|
    |sum_reg_271             |   64|   0|   64|          0|
    |sumsoft_reg_294         |   64|   0|   64|          0|
    |tmp_10_reg_1157         |    0|   0|    9|          9|
    |tmp_13_reg_1165         |    0|   0|    9|          9|
    |tmp_16_reg_1170         |   32|   0|   32|          0|
    |tmp_18_reg_1124         |   32|   0|   32|          0|
    |tmp_19_reg_1106         |    2|   0|    2|          0|
    |tmp_1_reg_1101          |    9|   0|    9|          0|
    |tmp_21_reg_1071         |    9|   0|    9|          0|
    |tmp_22_reg_1076         |    2|   0|    2|          0|
    |tmp_23_reg_1081         |    0|   0|    9|          9|
    |tmp_24_reg_1183         |   32|   0|   32|          0|
    |tmp_25_reg_1086         |    0|   0|    2|          2|
    |tmp_27_reg_1091         |    0|   0|    9|          9|
    |tmp_30_reg_1096         |    0|   0|    2|          2|
    |tmp_48_reg_1231         |    9|   0|    9|          0|
    |tmp_4_reg_1111          |    9|   0|    9|          0|
    |tmp_52_reg_1249         |    2|   0|    2|          0|
    |tmp_5_reg_1058          |   31|   0|   64|         33|
    |tmp_75_cast_reg_1280    |    9|   0|   64|         55|
    |tmp_9_reg_1041          |    1|   0|    1|          0|
    |tmp_reg_1029            |    1|   0|    1|          0|
    +------------------------+-----+----+-----+-----------+
    |Total                   | 1611|   0| 1899|        288|
    +------------------------+-----+----+-----+-----------+



================================================================
== Interface
================================================================
* Summary: 
+-------------------+-----+-----+------------+--------------+--------------+
|     RTL Ports     | Dir | Bits|  Protocol  | Source Object|    C Type    |
+-------------------+-----+-----+------------+--------------+--------------+
|ap_clk             |  in |    1| ap_ctrl_hs |      ANN     | return value |
|ap_rst             |  in |    1| ap_ctrl_hs |      ANN     | return value |
|ap_start           |  in |    1| ap_ctrl_hs |      ANN     | return value |
|ap_done            | out |    1| ap_ctrl_hs |      ANN     | return value |
|ap_idle            | out |    1| ap_ctrl_hs |      ANN     | return value |
|ap_ready           | out |    1| ap_ctrl_hs |      ANN     | return value |
|config_r_address0  | out |    3|  ap_memory |   config_r   |     array    |
|config_r_ce0       | out |    1|  ap_memory |   config_r   |     array    |
|config_r_q0        |  in |   32|  ap_memory |   config_r   |     array    |
|WandB_address0     | out |   13|  ap_memory |     WandB    |     array    |
|WandB_ce0          | out |    1|  ap_memory |     WandB    |     array    |
|WandB_we0          | out |    1|  ap_memory |     WandB    |     array    |
|WandB_d0           | out |   64|  ap_memory |     WandB    |     array    |
|WandB_q0           |  in |   64|  ap_memory |     WandB    |     array    |
|WandB_address1     | out |   13|  ap_memory |     WandB    |     array    |
|WandB_ce1          | out |    1|  ap_memory |     WandB    |     array    |
|WandB_we1          | out |    1|  ap_memory |     WandB    |     array    |
|WandB_d1           | out |   64|  ap_memory |     WandB    |     array    |
|WandB_q1           |  in |   64|  ap_memory |     WandB    |     array    |
|uOut_address0      | out |    8|  ap_memory |     uOut     |     array    |
|uOut_ce0           | out |    1|  ap_memory |     uOut     |     array    |
|uOut_we0           | out |    1|  ap_memory |     uOut     |     array    |
|uOut_d0            | out |   64|  ap_memory |     uOut     |     array    |
|netIn_address0     | out |    6|  ap_memory |     netIn    |     array    |
|netIn_ce0          | out |    1|  ap_memory |     netIn    |     array    |
|netIn_q0           |  in |   64|  ap_memory |     netIn    |     array    |
|netOut_address0    | out |    6|  ap_memory |    netOut    |     array    |
|netOut_ce0         | out |    1|  ap_memory |    netOut    |     array    |
|netOut_we0         | out |    1|  ap_memory |    netOut    |     array    |
|netOut_d0          | out |   32|  ap_memory |    netOut    |     array    |
+-------------------+-----+-----+------------+--------------+--------------+

